// Vitest Snapshot v1, https://vitest.dev/guide/snapshot.html

exports[`Admin/Webhooks page > renders list snapshot 1`] = `
<div>
  <section
    class="w-full sm:px-6 lg:px-8 p-6 space-y-6"
  >
    <div
      class="rounded-2xl border border-white/10 md:p-6 bg-[rgb(var(--bg-1))] p-6"
    >
      <div
        class="flex items-center gap-3 mb-3"
      >
        <h1
          class="text-xl font-semibold"
        >
          Webhook Logs
        </h1>
        <div
          class="ml-auto flex items-center gap-2"
        >
          <input
            class="rounded-xl px-3 text-[15px] bg-[rgb(var(--bg-2)/.9)] border border-white/10 placeholder:text-[rgb(var(--text-dim))] focus:outline-none focus:ring-2 focus:ring-white/30 w-[220px] h-9"
            placeholder="Filter by type"
            value=""
          />
          <button
            class="inline-flex items-center justify-center rounded-xl font-semibold transition focus:outline-none focus-visible:ring-2 focus-visible:ring-brand-primary/50 bg-white/5 hover:bg-white/10 text-white/90 border border-white/10 h-9 min-h-0 px-3 text-sm"
            disabled=""
          >
            Prev
          </button>
          <span
            class="text-sm"
          >
            Page 
            1
          </span>
          <button
            class="inline-flex items-center justify-center rounded-xl font-semibold transition focus:outline-none focus-visible:ring-2 focus-visible:ring-brand-primary/50 bg-white/5 hover:bg-white/10 text-white/90 border border-white/10 h-9 min-h-0 px-3 text-sm"
          >
            Next
          </button>
          <button
            class="inline-flex items-center justify-center rounded-xl font-semibold transition focus:outline-none focus-visible:ring-2 focus-visible:ring-brand-primary/50 bg-white/5 hover:bg-white/10 text-white/90 border border-white/10 h-9 min-h-0 px-3 text-sm"
            title="Delete logs older than 30d"
          >
            Purge &gt;30d
          </button>
        </div>
      </div>
      <div
        class="space-y-2"
      >
        <div
          class="rounded border border-white/10 p-3"
        >
          <div
            class="flex justify-between text-sm"
          >
            <span
              class="font-mono"
            >
              checkout.session.completed
            </span>
            <span
              class="text-[var(--text-dim)]"
            >
              2025-01-01T00:00:00Z
            </span>
          </div>
          <details
            class="mt-1"
          >
            <summary
              class="cursor-pointer text-[var(--text-dim)]"
            >
              payload
            </summary>
            <pre
              class="overflow-auto text-xs whitespace-pre-wrap"
            >
              {
  "id": "evt_1",
  "type": "checkout.session.completed"
}
            </pre>
          </details>
        </div>
      </div>
    </div>
  </section>
</div>
`;
